Device: cuda
Train: 16 identities | images per identity: min=54 max=54 total=864
Val:   6 identities | images per identity: min=54 max=54 total=324
Metric: euclidean | L2-normalize: True | train-way: 10 -> test-way: 5
Shot-robust training: K sampled per-episode from [1, 3, 5]
epoch 001 | loss 2.1731 | train acc 0.183 | val acc 0.356 | 69.5s | backbone frozen
  -> new best (0.356) saved to checkpoints_gpu_clean\best.pth
epoch 002 | loss 2.0397 | train acc 0.261 | val acc 0.411 | 67.9s | backbone frozen
  -> new best (0.411) saved to checkpoints_gpu_clean\best.pth
epoch 003 | loss 1.7955 | train acc 0.343 | val acc 0.482 | 69.5s
  -> new best (0.482) saved to checkpoints_gpu_clean\best.pth
epoch 004 | loss 1.5350 | train acc 0.435 | val acc 0.509 | 68.7s
  -> new best (0.509) saved to checkpoints_gpu_clean\best.pth
epoch 005 | loss 1.4066 | train acc 0.508 | val acc 0.474 | 71.2s
epoch 006 | loss 1.3706 | train acc 0.532 | val acc 0.491 | 71.3s
epoch 007 | loss 1.3196 | train acc 0.579 | val acc 0.519 | 72.1s
  -> new best (0.519) saved to checkpoints_gpu_clean\best.pth
epoch 008 | loss 1.2732 | train acc 0.614 | val acc 0.505 | 69.4s
epoch 009 | loss 1.2382 | train acc 0.640 | val acc 0.525 | 67.3s
  -> new best (0.525) saved to checkpoints_gpu_clean\best.pth
epoch 010 | loss 1.2176 | train acc 0.655 | val acc 0.507 | 67.2s
epoch 011 | loss 1.1720 | train acc 0.701 | val acc 0.503 | 69.2s
epoch 012 | loss 1.1536 | train acc 0.709 | val acc 0.566 | 71.5s
  -> new best (0.566) saved to checkpoints_gpu_clean\best.pth
epoch 013 | loss 1.1317 | train acc 0.726 | val acc 0.578 | 69.5s
  -> new best (0.578) saved to checkpoints_gpu_clean\best.pth
epoch 014 | loss 1.1133 | train acc 0.754 | val acc 0.588 | 72.5s
  -> new best (0.588) saved to checkpoints_gpu_clean\best.pth
epoch 015 | loss 1.0825 | train acc 0.769 | val acc 0.612 | 72.7s
  -> new best (0.612) saved to checkpoints_gpu_clean\best.pth
epoch 016 | loss 1.0717 | train acc 0.783 | val acc 0.622 | 71.7s
  -> new best (0.622) saved to checkpoints_gpu_clean\best.pth
epoch 017 | loss 1.0544 | train acc 0.797 | val acc 0.650 | 71.4s
  -> new best (0.650) saved to checkpoints_gpu_clean\best.pth
epoch 018 | loss 1.0672 | train acc 0.785 | val acc 0.626 | 69.6s
epoch 019 | loss 1.0350 | train acc 0.809 | val acc 0.640 | 72.9s
epoch 020 | loss 1.0339 | train acc 0.817 | val acc 0.639 | 71.8s
epoch 021 | loss 1.0281 | train acc 0.828 | val acc 0.626 | 71.2s
epoch 022 | loss 1.0318 | train acc 0.827 | val acc 0.604 | 70.9s
epoch 023 | loss 1.0203 | train acc 0.828 | val acc 0.622 | 71.4s
epoch 024 | loss 1.0244 | train acc 0.828 | val acc 0.657 | 71.1s
  -> new best (0.657) saved to checkpoints_gpu_clean\best.pth
epoch 025 | loss 1.0314 | train acc 0.824 | val acc 0.629 | 73.8s
epoch 026 | loss 1.0159 | train acc 0.831 | val acc 0.648 | 70.7s
epoch 027 | loss 1.0030 | train acc 0.849 | val acc 0.624 | 72.2s
epoch 028 | loss 1.0237 | train acc 0.831 | val acc 0.624 | 71.1s
epoch 029 | loss 1.0164 | train acc 0.830 | val acc 0.631 | 72.5s
epoch 030 | loss 1.0169 | train acc 0.832 | val acc 0.631 | 73.2s
Done. Best val acc: 0.657